Archive member included to satisfy reference by file (symbol)

C:\Users\Markkula\Documents\LPCXpresso_8.2.2_650\workspace\CMSISv2p00_LPC11Uxx\Debug\libCMSISv2p00_LPC11Uxx.a(system_LPC11Uxx.o)
                              ./src/main.o (SystemCoreClockUpdate)
C:\Users\Markkula\Documents\LPCXpresso_8.2.2_650\workspace\LPC11Uxx_Driver_Lib\Debug\libLPC11Uxx_Driver_Lib.a(gpio.o)
                              ./src/ledSetup.o (GPIOSetBitValue)
c:/nxp/lpcxpresso_8.2.2_650/lpcxpresso/tools/bin/../lib/gcc/arm-none-eabi/5.4.1/../../../../arm-none-eabi/lib/armv6-m\libcr_semihost.a(_cr__main.o)
                              ./src/cr_startup_lpc11uxx.o (__main)
c:/nxp/lpcxpresso_8.2.2_650/lpcxpresso/tools/bin/../lib/gcc/arm-none-eabi/5.4.1/../../../../arm-none-eabi/lib/armv6-m\libcr_c.a(fabs.o)
                              ./src/main.o (fabs)
c:/nxp/lpcxpresso_8.2.2_650/lpcxpresso/tools/bin/../lib/gcc/arm-none-eabi/5.4.1/../../../../arm-none-eabi/lib/armv6-m\libcr_c.a(initio.o)
                              c:/nxp/lpcxpresso_8.2.2_650/lpcxpresso/tools/bin/../lib/gcc/arm-none-eabi/5.4.1/../../../../arm-none-eabi/lib/armv6-m\libcr_semihost.a(_cr__main.o) (_initio)
c:/nxp/lpcxpresso_8.2.2_650/lpcxpresso/tools/bin/../lib/gcc/arm-none-eabi/5.4.1/../../../../arm-none-eabi/lib/armv6-m\libcr_c.a(setvbuf.o)
                              c:/nxp/lpcxpresso_8.2.2_650/lpcxpresso/tools/bin/../lib/gcc/arm-none-eabi/5.4.1/../../../../arm-none-eabi/lib/armv6-m\libcr_c.a(initio.o) (setvbuf)
c:/nxp/lpcxpresso_8.2.2_650/lpcxpresso/tools/bin/../lib/gcc/arm-none-eabi/5.4.1/../../../../arm-none-eabi/lib/armv6-m\libcr_c.a(sqrt.o)
                              ./src/main.o (sqrt)
c:/nxp/lpcxpresso_8.2.2_650/lpcxpresso/tools/bin/../lib/gcc/arm-none-eabi/5.4.1/../../../../arm-none-eabi/lib/armv6-m\libcr_c.a(stdio.o)
                              c:/nxp/lpcxpresso_8.2.2_650/lpcxpresso/tools/bin/../lib/gcc/arm-none-eabi/5.4.1/../../../../arm-none-eabi/lib/armv6-m\libcr_c.a(initio.o) (__Ciob)
c:/nxp/lpcxpresso_8.2.2_650/lpcxpresso/tools/bin/../lib/gcc/arm-none-eabi/5.4.1/../../../../arm-none-eabi/lib/armv6-m\libcr_c.a(memset.o)
                              c:/nxp/lpcxpresso_8.2.2_650/lpcxpresso/tools/bin/../lib/gcc/arm-none-eabi/5.4.1/../../../../arm-none-eabi/lib/armv6-m\libcr_c.a(initio.o) (memset)
c:/nxp/lpcxpresso_8.2.2_650/lpcxpresso/tools/bin/../lib/gcc/arm-none-eabi/5.4.1/../../../../arm-none-eabi/lib/armv6-m\libcr_c.a(__fillbuf.o)
                              c:/nxp/lpcxpresso_8.2.2_650/lpcxpresso/tools/bin/../lib/gcc/arm-none-eabi/5.4.1/../../../../arm-none-eabi/lib/armv6-m\libcr_c.a(stdio.o) (__filbuf)
c:/nxp/lpcxpresso_8.2.2_650/lpcxpresso/tools/bin/../lib/gcc/arm-none-eabi/5.4.1/../../../../arm-none-eabi/lib/armv6-m\libcr_c.a(_deferredlazyseek.o)
                              c:/nxp/lpcxpresso_8.2.2_650/lpcxpresso/tools/bin/../lib/gcc/arm-none-eabi/5.4.1/../../../../arm-none-eabi/lib/armv6-m\libcr_c.a(__fillbuf.o) (_deferredlazyseek)
c:/nxp/lpcxpresso_8.2.2_650/lpcxpresso/tools/bin/../lib/gcc/arm-none-eabi/5.4.1/../../../../arm-none-eabi/lib/armv6-m\libcr_c.a(_fdopen.o)
                              c:/nxp/lpcxpresso_8.2.2_650/lpcxpresso/tools/bin/../lib/gcc/arm-none-eabi/5.4.1/../../../../arm-none-eabi/lib/armv6-m\libcr_c.a(initio.o) (_fdopen)
c:/nxp/lpcxpresso_8.2.2_650/lpcxpresso/tools/bin/../lib/gcc/arm-none-eabi/5.4.1/../../../../arm-none-eabi/lib/armv6-m\libcr_c.a(_fflush.o)
                              c:/nxp/lpcxpresso_8.2.2_650/lpcxpresso/tools/bin/../lib/gcc/arm-none-eabi/5.4.1/../../../../arm-none-eabi/lib/armv6-m\libcr_c.a(__fillbuf.o) (_fflush)
c:/nxp/lpcxpresso_8.2.2_650/lpcxpresso/tools/bin/../lib/gcc/arm-none-eabi/5.4.1/../../../../arm-none-eabi/lib/armv6-m\libcr_c.a(_hugeval.o)
                              c:/nxp/lpcxpresso_8.2.2_650/lpcxpresso/tools/bin/../lib/gcc/arm-none-eabi/5.4.1/../../../../arm-none-eabi/lib/armv6-m\libcr_c.a(sqrt.o) (__huge_val)
c:/nxp/lpcxpresso_8.2.2_650/lpcxpresso/tools/bin/../lib/gcc/arm-none-eabi/5.4.1/../../../../arm-none-eabi/lib/armv6-m\libcr_c.a(_writebuf.o)
                              c:/nxp/lpcxpresso_8.2.2_650/lpcxpresso/tools/bin/../lib/gcc/arm-none-eabi/5.4.1/../../../../arm-none-eabi/lib/armv6-m\libcr_c.a(_deferredlazyseek.o) (_Cwritebuf)
c:/nxp/lpcxpresso_8.2.2_650/lpcxpresso/tools/bin/../lib/gcc/arm-none-eabi/5.4.1/../../../../arm-none-eabi/lib/armv6-m\libcr_c.a(alloc.o)
                              c:/nxp/lpcxpresso_8.2.2_650/lpcxpresso/tools/bin/../lib/gcc/arm-none-eabi/5.4.1/../../../../arm-none-eabi/lib/armv6-m\libcr_c.a(initio.o) (_Csys_alloc)
c:/nxp/lpcxpresso_8.2.2_650/lpcxpresso/tools/bin/../lib/gcc/arm-none-eabi/5.4.1/../../../../arm-none-eabi/lib/armv6-m\libcr_c.a(errno.o)
                              c:/nxp/lpcxpresso_8.2.2_650/lpcxpresso/tools/bin/../lib/gcc/arm-none-eabi/5.4.1/../../../../arm-none-eabi/lib/armv6-m\libcr_c.a(sqrt.o) (errno)
[...]
Memory Configuration

Name             Origin             Length             Attributes
MFlash32         0x00000000         0x00008000         xr
RamLoc4          0x10000000         0x00001000         xrw
RamUsb2          0x20004000         0x00000800         xrw
*default*        0x00000000         0xffffffff

Linker script and memory map

LOAD ./src/accelerometer.o
LOAD ./src/aeabi_romdiv_patch.o
LOAD ./src/cr_startup_lpc11uxx.o
LOAD ./src/crp.o
LOAD ./src/ledSetup.o
LOAD ./src/main.o
LOAD C:\Users\Markkula\Documents\LPCXpresso_8.2.2_650\workspace\CMSISv2p00_LPC11Uxx\Debug\libCMSISv2p00_LPC11Uxx.a
LOAD C:\Users\Markkula\Documents\LPCXpresso_8.2.2_650\workspace\LPC11Uxx_Driver_Lib\Debug\libLPC11Uxx_Driver_Lib.a
START GROUP
LOAD c:/nxp/lpcxpresso_8.2.2_650/lpcxpresso/tools/bin/../lib/gcc/arm-none-eabi/5.4.1/../../../../arm-none-eabi/lib/armv6-m\libcr_semihost.a
LOAD c:/nxp/lpcxpresso_8.2.2_650/lpcxpresso/tools/bin/../lib/gcc/arm-none-eabi/5.4.1/../../../../arm-none-eabi/lib/armv6-m\libcr_c.a
LOAD c:/nxp/lpcxpresso_8.2.2_650/lpcxpresso/tools/bin/../lib/gcc/arm-none-eabi/5.4.1/armv6-m\libcr_eabihelpers.a
END GROUP
                0x00000000                __base_MFlash32 = 0x0
                0x00000000                __base_Flash = 0x0
                0x00008000                __top_MFlash32 = 0x8000
                0x00008000                __top_Flash = 0x8000
                0x10000000                __base_RamLoc4 = 0x10000000
                0x10000000                __base_RAM = 0x10000000
                0x10001000                __top_RamLoc4 = 0x10001000
                0x10001000                __top_RAM = 0x10001000
                0x20004000                __base_RamUsb2 = 0x20004000
                0x20004000                __base_RAM2 = 0x20004000
                0x20004800                __top_RamUsb2 = 0x20004800
                0x20004800                __top_RAM2 = 0x20004800

.text           0x00000000     0x4e50
 FILL mask 0xff
                0x00000000                __vectors_start__ = ABSOLUTE (.)
 *(.isr_vector)
 .isr_vector    0x00000000       0xc0 ./src/cr_startup_lpc11uxx.o
                0x00000000                g_pfnVectors
                0x000000c0                . = ALIGN (0x4)
                0x000000c0                __section_table_start = .
                0x000000c0                __data_section_table = .
                0x000000c0        0x4 LONG 0x4e50 LOADADDR (.data)
                0x000000c4        0x4 LONG 0x10000000 ADDR (.data)
                0x000000c8        0x4 LONG 0x8 SIZEOF (.data)
                0x000000cc        0x4 LONG 0x4e50 LOADADDR (.data_RAM2)
                0x000000d0        0x4 LONG 0x20004000 ADDR (.data_RAM2)
                0x000000d4        0x4 LONG 0x0 SIZEOF (.data_RAM2)
                0x000000d8                __data_section_table_end = .
                0x000000d8                __bss_section_table = .
                0x000000d8        0x4 LONG 0x10000008 ADDR (.bss)
                0x000000dc        0x4 LONG 0x228 SIZEOF (.bss)
                0x000000e0        0x4 LONG 0x20004000 ADDR (.bss_RAM2)
                0x000000e4        0x4 LONG 0x0 SIZEOF (.bss_RAM2)
                0x000000e8                __bss_section_table_end = .
                0x000000e8                __section_table_end = .
 *(.after_vectors*)
 .after_vectors
                0x000000e8      0x138 ./src/cr_startup_lpc11uxx.o
                0x000000e8                data_init
                0x00000128                bss_init
                0x0000015c                ResetISR
                0x000001f0                NMI_Handler
                0x000001f8                HardFault_Handler
                0x00000200                SVC_Handler
                0x00000208                PendSV_Handler
                0x00000210                SysTick_Handler
                0x00000218                TIMER32_1_IRQHandler
                0x00000218                IntDefaultHandler
                0x00000218                SSP0_IRQHandler
                0x00000218                TIMER32_0_IRQHandler
                0x00000218                UART_IRQHandler
                0x00000218                TIMER16_1_IRQHandler
                0x00000218                USB_FIQHandler
                0x00000218                ADC_IRQHandler
                0x00000218                SSP1_IRQHandler
                0x00000218                USB_IRQHandler
                0x00000218                BOD_IRQHandler
                0x00000218                I2C_IRQHandler
                0x00000218                WDT_IRQHandler
                0x00000218                TIMER16_0_IRQHandler
                0x00000218                USBWakeup_IRQHandler
                0x00000218                FMC_IRQHandler
                0x000002fc                . = 0x2fc
 *fill*         0x00000220       0xdc ff
                0x000002fc                PROVIDE (__CRP_WORD_START__, .)
 *(.crp)
 .crp           0x000002fc        0x4 ./src/crp.o
                0x000002fc                CRP_WORD
                0x00000300                PROVIDE (__CRP_WORD_END__, .)
                0x00000001                ASSERT (! ((__CRP_WORD_START__ == __CRP_WORD_END__)), Linker CRP Enabled, but no CRP_WORD provided within application)
 *(.text*)
 .text.sendData
                0x00000300       0xb4 ./src/accelerometer.o
                0x00000300                sendData
 .text.I2CInit  0x000003b4       0x94 ./src/accelerometer.o
                0x000003b4                I2CInit
 .text._delay_ms
                0x00000448       0x50 ./src/accelerometer.o
                0x00000448                _delay_ms
 .text.xAxisAccelerometer
                0x00000498      0x200 ./src/accelerometer.o
                0x00000498                xAxisAccelerometer
 .text.yAxisAccelerometer
                0x00000698      0x200 ./src/accelerometer.o
                0x00000698                yAxisAccelerometer
 .text.zAxisAccelerometer
                0x00000898      0x200 ./src/accelerometer.o
                0x00000898                zAxisAccelerometer
 .text.xAxisGyroscope
                0x00000a98      0x200 ./src/accelerometer.o
                0x00000a98                xAxisGyroscope
 .text.yAxisGyroscope
                0x00000c98      0x200 ./src/accelerometer.o
                0x00000c98                yAxisGyroscope
 .text.zAxisGyroscope
                0x00000e98      0x200 ./src/accelerometer.o
                0x00000e98                zAxisGyroscope
 .text.readStatusRegisterAcc
                0x00001098      0x11c ./src/accelerometer.o
                0x00001098                readStatusRegisterAcc
 .text.readStatusRegisterGyro
                0x000011b4      0x11c ./src/accelerometer.o
                0x000011b4                readStatusRegisterGyro
 .text.initializeBrakePowerArray
                0x000012d0       0x68 ./src/ledSetup.o
                0x000012d0                initializeBrakePowerArray
 .text.setLedPinsOutput
                0x00001338      0x178 ./src/ledSetup.o
                0x00001338                setLedPinsOutput
 .text.turnLedsOff
                0x000014b0       0xfc ./src/ledSetup.o
                0x000014b0                turnLedsOff
 .text.turnLedsOn
                0x000015ac      0xe00 ./src/ledSetup.o
                0x000015ac                turnLedsOn
 .text.turnLedsOnAfterCalibration
                0x000023ac      0x104 ./src/ledSetup.o
                0x000023ac                turnLedsOnAfterCalibration
 .text.main     0x000024b0      0xb80 ./src/main.o
                0x000024b0                main
 .text.SystemCoreClockUpdate
                0x00003030       0xa0 C:\Users\Markkula\Documents\LPCXpresso_8.2.2_650\workspace\CMSISv2p00_LPC11Uxx\Debug\libCMSISv2p00_LPC11Uxx.a(system_LPC11Uxx.o)
                0x00003030                SystemCoreClockUpdate
 .text.SystemInit
                0x000030d0       0xd4 C:\Users\Markkula\Documents\LPCXpresso_8.2.2_650\workspace\CMSISv2p00_LPC11Uxx\Debug\libCMSISv2p00_LPC11Uxx.a(system_LPC11Uxx.o)
                0x000030d0                SystemInit
 .text.FLEX_INT0_IRQHandler
                0x000031a4       0x98 C:\Users\Markkula\Documents\LPCXpresso_8.2.2_650\workspace\LPC11Uxx_Driver_Lib\Debug\libLPC11Uxx_Driver_Lib.a(gpio.o)
                0x000031a4                FLEX_INT0_IRQHandler
 .text.FLEX_INT1_IRQHandler
                0x0000323c       0x98 C:\Users\Markkula\Documents\LPCXpresso_8.2.2_650\workspace\LPC11Uxx_Driver_Lib\Debug\libLPC11Uxx_Driver_Lib.a(gpio.o)
                0x0000323c                FLEX_INT1_IRQHandler
 .text.FLEX_INT2_IRQHandler
                0x000032d4       0x98 C:\Users\Markkula\Documents\LPCXpresso_8.2.2_650\workspace\LPC11Uxx_Driver_Lib\Debug\libLPC11Uxx_Driver_Lib.a(gpio.o)
                0x000032d4                FLEX_INT2_IRQHandler
 .text.FLEX_INT3_IRQHandler
                0x0000336c       0x98 C:\Users\Markkula\Documents\LPCXpresso_8.2.2_650\workspace\LPC11Uxx_Driver_Lib\Debug\libLPC11Uxx_Driver_Lib.a(gpio.o)
                0x0000336c                FLEX_INT3_IRQHandler
 .text.FLEX_INT4_IRQHandler
                0x00003404       0x98 C:\Users\Markkula\Documents\LPCXpresso_8.2.2_650\workspace\LPC11Uxx_Driver_Lib\Debug\libLPC11Uxx_Driver_Lib.a(gpio.o)
                0x00003404                FLEX_INT4_IRQHandler
 .text.FLEX_INT5_IRQHandler
                0x0000349c       0x98 C:\Users\Markkula\Documents\LPCXpresso_8.2.2_650\workspace\LPC11Uxx_Driver_Lib\Debug\libLPC11Uxx_Driver_Lib.a(gpio.o)
                0x0000349c                FLEX_INT5_IRQHandler
 .text.FLEX_INT6_IRQHandler
                0x00003534       0x98 C:\Users\Markkula\Documents\LPCXpresso_8.2.2_650\workspace\LPC11Uxx_Driver_Lib\Debug\libLPC11Uxx_Driver_Lib.a(gpio.o)
                0x00003534                FLEX_INT6_IRQHandler
 .text.FLEX_INT7_IRQHandler
                0x000035cc       0x98 C:\Users\Markkula\Documents\LPCXpresso_8.2.2_650\workspace\LPC11Uxx_Driver_Lib\Debug\libLPC11Uxx_Driver_Lib.a(gpio.o)
                0x000035cc                FLEX_INT7_IRQHandler
 .text.GINT0_IRQHandler
                0x00003664       0x5c C:\Users\Markkula\Documents\LPCXpresso_8.2.2_650\workspace\LPC11Uxx_Driver_Lib\Debug\libLPC11Uxx_Driver_Lib.a(gpio.o)
                0x00003664                GINT0_IRQHandler
 .text.GINT1_IRQHandler
                0x000036c0       0x5c C:\Users\Markkula\Documents\LPCXpresso_8.2.2_650\workspace\LPC11Uxx_Driver_Lib\Debug\libLPC11Uxx_Driver_Lib.a(gpio.o)
                0x000036c0                GINT1_IRQHandler
 .text.GPIOSetBitValue
                0x0000371c       0x54 C:\Users\Markkula\Documents\LPCXpresso_8.2.2_650\workspace\LPC11Uxx_Driver_Lib\Debug\libLPC11Uxx_Driver_Lib.a(gpio.o)
                0x0000371c                GPIOSetBitValue
 .text.GPIOSetDir
                0x00003770       0x7c C:\Users\Markkula\Documents\LPCXpresso_8.2.2_650\workspace\LPC11Uxx_Driver_Lib\Debug\libLPC11Uxx_Driver_Lib.a(gpio.o)
                0x00003770                GPIOSetDir
 .text.__main   0x000037ec       0x12 c:/nxp/lpcxpresso_8.2.2_650/lpcxpresso/tools/bin/../lib/gcc/arm-none-eabi/5.4.1/../../../../arm-none-eabi/lib/armv6-m\libcr_semihost.a(_cr__main.o)
                0x000037ec                __CR_SEMIHOST
                0x000037ec                __main
 .text.fabs     0x000037fe       0x24 c:/nxp/lpcxpresso_8.2.2_650/lpcxpresso/tools/bin/../lib/gcc/arm-none-eabi/5.4.1/../../../../arm-none-eabi/lib/armv6-m\libcr_c.a(fabs.o)
                0x000037fe                fabs
 *fill*         0x00003822        0x2 ff
 .text._initio  0x00003824       0xa8 c:/nxp/lpcxpresso_8.2.2_650/lpcxpresso/tools/bin/../lib/gcc/arm-none-eabi/5.4.1/../../../../arm-none-eabi/lib/armv6-m\libcr_c.a(initio.o)
                0x00003824                _initio
 .text.setvbuf  0x000038cc       0x48 c:/nxp/lpcxpresso_8.2.2_650/lpcxpresso/tools/bin/../lib/gcc/arm-none-eabi/5.4.1/../../../../arm-none-eabi/lib/armv6-m\libcr_c.a(setvbuf.o)
                0x000038cc                setvbuf
 .text.sqrt     0x00003914      0x140 c:/nxp/lpcxpresso_8.2.2_650/lpcxpresso/tools/bin/../lib/gcc/arm-none-eabi/5.4.1/../../../../arm-none-eabi/lib/armv6-m\libcr_c.a(sqrt.o)
                0x00003914                sqrt
 .text.memset   0x00003a54        0x8 c:/nxp/lpcxpresso_8.2.2_650/lpcxpresso/tools/bin/../lib/gcc/arm-none-eabi/5.4.1/../../../../arm-none-eabi/lib/armv6-m\libcr_c.a(memset.o)
                0x00003a54                memset
 .text._deferredlazyseek
                0x00003a5c       0x44 c:/nxp/lpcxpresso_8.2.2_650/lpcxpresso/tools/bin/../lib/gcc/arm-none-eabi/5.4.1/../../../../arm-none-eabi/lib/armv6-m\libcr_c.a(_deferredlazyseek.o)
                0x00003a5c                _deferredlazyseek
 .text._fdopen  0x00003aa0       0x74 c:/nxp/lpcxpresso_8.2.2_650/lpcxpresso/tools/bin/../lib/gcc/arm-none-eabi/5.4.1/../../../../arm-none-eabi/lib/armv6-m\libcr_c.a(_fdopen.o)
                0x00003aa0                _fdopen
 .text._fflush  0x00003b14       0x64 c:/nxp/lpcxpresso_8.2.2_650/lpcxpresso/tools/bin/../lib/gcc/arm-none-eabi/5.4.1/../../../../arm-none-eabi/lib/armv6-m\libcr_c.a(_fflush.o)
                0x00003b14                _fflush
 .text._Cwritebuf
                0x00003b78       0x6c c:/nxp/lpcxpresso_8.2.2_650/lpcxpresso/tools/bin/../lib/gcc/arm-none-eabi/5.4.1/../../../../arm-none-eabi/lib/armv6-m\libcr_c.a(_writebuf.o)
                0x00003b78                _Cwritebuf
 .text.malloc   0x00003be4       0xcc c:/nxp/lpcxpresso_8.2.2_650/lpcxpresso/tools/bin/../lib/gcc/arm-none-eabi/5.4.1/../../../../arm-none-eabi/lib/armv6-m\libcr_c.a(alloc.o)
                0x00003be4                malloc
 .text.free     0x00003cb0       0x2e c:/nxp/lpcxpresso_8.2.2_650/lpcxpresso/tools/bin/../lib/gcc/arm-none-eabi/5.4.1/../../../../arm-none-eabi/lib/armv6-m\libcr_c.a(alloc.o)
                0x00003cb0                free
 *fill*         0x00003cde        0x2 ff
 .text._Csys_alloc
                0x00003ce0       0x20 c:/nxp/lpcxpresso_8.2.2_650/lpcxpresso/tools/bin/../lib/gcc/arm-none-eabi/5.4.1/../../../../arm-none-eabi/lib/armv6-m\libcr_c.a(alloc.o)
                0x00003ce0                _Csys_alloc
 .text.fclose   0x00003d00       0x70 c:/nxp/lpcxpresso_8.2.2_650/lpcxpresso/tools/bin/../lib/gcc/arm-none-eabi/5.4.1/../../../../arm-none-eabi/lib/armv6-m\libcr_c.a(fclose.o)
                0x00003d00                fclose
 .text.fflush   0x00003d70       0x34 c:/nxp/lpcxpresso_8.2.2_650/lpcxpresso/tools/bin/../lib/gcc/arm-none-eabi/5.4.1/../../../../arm-none-eabi/lib/armv6-m\libcr_c.a(fflush.o)
                0x00003d70                fflush
 .text.fseek    0x00003da4      0x100 c:/nxp/lpcxpresso_8.2.2_650/lpcxpresso/tools/bin/../lib/gcc/arm-none-eabi/5.4.1/../../../../arm-none-eabi/lib/armv6-m\libcr_c.a(fseek.o)
                0x00003da4                fseek
 .text.ftell    0x00003ea4       0x4c c:/nxp/lpcxpresso_8.2.2_650/lpcxpresso/tools/bin/../lib/gcc/arm-none-eabi/5.4.1/../../../../arm-none-eabi/lib/armv6-m\libcr_c.a(ftell.o)
                0x00003ea4                ftell
 .text.remove   0x00003ef0       0x12 c:/nxp/lpcxpresso_8.2.2_650/lpcxpresso/tools/bin/../lib/gcc/arm-none-eabi/5.4.1/../../../../arm-none-eabi/lib/armv6-m\libcr_c.a(remove.o)
                0x00003ef0                remove
 *fill*         0x00003f02        0x2 ff
 .text.strlen   0x00003f04       0x54 c:/nxp/lpcxpresso_8.2.2_650/lpcxpresso/tools/bin/../lib/gcc/arm-none-eabi/5.4.1/../../../../arm-none-eabi/lib/armv6-m\libcr_c.a(strlen.o)
                0x00003f04                strlen
 .text._sbrk    0x00003f58       0x40 c:/nxp/lpcxpresso_8.2.2_650/lpcxpresso/tools/bin/../lib/gcc/arm-none-eabi/5.4.1/../../../../arm-none-eabi/lib/armv6-m\libcr_c.a(_cr_sbrk.o)
                0x00003f58                _sbrk
 .text._do_fflush
                0x00003f98       0x48 c:/nxp/lpcxpresso_8.2.2_650/lpcxpresso/tools/bin/../lib/gcc/arm-none-eabi/5.4.1/../../../../arm-none-eabi/lib/armv6-m\libcr_c.a(_do_fflush.o)
                0x00003f98                _do_fflush
 .text.__check_heap_overflow
                0x00003fe0       0x14 c:/nxp/lpcxpresso_8.2.2_650/lpcxpresso/tools/bin/../lib/gcc/arm-none-eabi/5.4.1/../../../../arm-none-eabi/lib/armv6-m\libcr_c.a(_cr_check_heap.o)
                0x00003fe0                __check_heap_overflow
 .text.__aeabi_division_idivmod
                0x00003ff4       0x78 c:/nxp/lpcxpresso_8.2.2_650/lpcxpresso/tools/bin/../lib/gcc/arm-none-eabi/5.4.1/armv6-m\libcr_eabihelpers.a(division_32.o)
                0x00003ff4                __aeabi_idivmod
                0x00003ff4                __aeabi_idiv
                0x00003ffa                __aeabi_uidivmod
                0x00003ffa                __aeabi_uidiv
 .text.__aeabi_division_idiv0
                0x0000406c        0x2 c:/nxp/lpcxpresso_8.2.2_650/lpcxpresso/tools/bin/../lib/gcc/arm-none-eabi/5.4.1/armv6-m\libcr_eabihelpers.a(division_idiv0.o)
                0x0000406c                __aeabi_idiv0
 *fill*         0x0000406e        0x2 ff
 .text.__aeabi_dmul
                0x00004070      0x17c c:/nxp/lpcxpresso_8.2.2_650/lpcxpresso/tools/bin/../lib/gcc/arm-none-eabi/5.4.1/armv6-m\libcr_eabihelpers.a(double.o)
                0x00004070                __aeabi_dmul
 .text.__aeabi_ddiv
                0x000041ec      0x14c c:/nxp/lpcxpresso_8.2.2_650/lpcxpresso/tools/bin/../lib/gcc/arm-none-eabi/5.4.1/armv6-m\libcr_eabihelpers.a(double.o)
                0x000041ec                __aeabi_ddiv
 .text.__aeabi_dsub
                0x00004338      0x1c8 c:/nxp/lpcxpresso_8.2.2_650/lpcxpresso/tools/bin/../lib/gcc/arm-none-eabi/5.4.1/armv6-m\libcr_eabihelpers.a(double.o)
                0x00004338                __aeabi_dsub
 .text.__aeabi_dadd
                0x00004500      0x130 c:/nxp/lpcxpresso_8.2.2_650/lpcxpresso/tools/bin/../lib/gcc/arm-none-eabi/5.4.1/armv6-m\libcr_eabihelpers.a(double.o)
                0x00004500                __aeabi_dadd
 .text.__aeabi_d2f
                0x00004630       0x64 c:/nxp/lpcxpresso_8.2.2_650/lpcxpresso/tools/bin/../lib/gcc/arm-none-eabi/5.4.1/armv6-m\libcr_eabihelpers.a(double.o)
                0x00004630                __aeabi_d2f
 .text.__aeabi_dcmplt
                0x00004694       0x5c c:/nxp/lpcxpresso_8.2.2_650/lpcxpresso/tools/bin/../lib/gcc/arm-none-eabi/5.4.1/armv6-m\libcr_eabihelpers.a(double.o)
                0x00004694                __aeabi_dcmplt
 .text.__aeabi_dcmple
                0x000046f0       0x5c c:/nxp/lpcxpresso_8.2.2_650/lpcxpresso/tools/bin/../lib/gcc/arm-none-eabi/5.4.1/armv6-m\libcr_eabihelpers.a(double.o)
                0x000046f0                __aeabi_dcmple
 .text.__aeabi_dcmpge
                0x0000474c       0x60 c:/nxp/lpcxpresso_8.2.2_650/lpcxpresso/tools/bin/../lib/gcc/arm-none-eabi/5.4.1/armv6-m\libcr_eabihelpers.a(double.o)
                0x0000474c                __aeabi_dcmpge
 .text.__aeabi_fmul
                0x000047ac       0xc4 c:/nxp/lpcxpresso_8.2.2_650/lpcxpresso/tools/bin/../lib/gcc/arm-none-eabi/5.4.1/armv6-m\libcr_eabihelpers.a(float.o)
                0x000047ac                __aeabi_fmul
 .text.__aeabi_fdiv
                0x00004870       0xf0 c:/nxp/lpcxpresso_8.2.2_650/lpcxpresso/tools/bin/../lib/gcc/arm-none-eabi/5.4.1/armv6-m\libcr_eabihelpers.a(float.o)
                0x00004870                __aeabi_fdiv
 .text.__aeabi_fsub
                0x00004960      0x130 c:/nxp/lpcxpresso_8.2.2_650/lpcxpresso/tools/bin/../lib/gcc/arm-none-eabi/5.4.1/armv6-m\libcr_eabihelpers.a(float.o)
                0x00004960                __aeabi_fsub
 .text.__aeabi_fadd
                0x00004a90       0xb8 c:/nxp/lpcxpresso_8.2.2_650/lpcxpresso/tools/bin/../lib/gcc/arm-none-eabi/5.4.1/armv6-m\libcr_eabihelpers.a(float.o)
                0x00004a90                __aeabi_fadd
 .text.__aeabi_f2iz
                0x00004b48       0x38 c:/nxp/lpcxpresso_8.2.2_650/lpcxpresso/tools/bin/../lib/gcc/arm-none-eabi/5.4.1/armv6-m\libcr_eabihelpers.a(float.o)
                0x00004b48                __aeabi_f2iz
 .text.__bhs_ui2f
                0x00004b80       0x62 c:/nxp/lpcxpresso_8.2.2_650/lpcxpresso/tools/bin/../lib/gcc/arm-none-eabi/5.4.1/armv6-m\libcr_eabihelpers.a(float.o)
                0x00004b80                __bhs_ui2f
 .text.__aeabi_i2f
                0x00004be2       0x16 c:/nxp/lpcxpresso_8.2.2_650/lpcxpresso/tools/bin/../lib/gcc/arm-none-eabi/5.4.1/armv6-m\libcr_eabihelpers.a(float.o)
                0x00004be2                __aeabi_i2f
 .text.__aeabi_f2d
                0x00004bf8       0x40 c:/nxp/lpcxpresso_8.2.2_650/lpcxpresso/tools/bin/../lib/gcc/arm-none-eabi/5.4.1/armv6-m\libcr_eabihelpers.a(float.o)
                0x00004bf8                __aeabi_f2d
 .text.__aeabi_fcmplt
                0x00004c38       0x44 c:/nxp/lpcxpresso_8.2.2_650/lpcxpresso/tools/bin/../lib/gcc/arm-none-eabi/5.4.1/armv6-m\libcr_eabihelpers.a(float.o)
                0x00004c38                __aeabi_fcmplt
 .text.__aeabi_fcmpgt
                0x00004c7c       0x3e c:/nxp/lpcxpresso_8.2.2_650/lpcxpresso/tools/bin/../lib/gcc/arm-none-eabi/5.4.1/armv6-m\libcr_eabihelpers.a(float.o)
                0x00004c7c                __aeabi_fcmpgt
 .text.__aeabi_fcmple
                0x00004cba       0x40 c:/nxp/lpcxpresso_8.2.2_650/lpcxpresso/tools/bin/../lib/gcc/arm-none-eabi/5.4.1/armv6-m\libcr_eabihelpers.a(float.o)
                0x00004cba                __aeabi_fcmple
 .text.__aeabi_fcmpge
                0x00004cfa       0x3c c:/nxp/lpcxpresso_8.2.2_650/lpcxpresso/tools/bin/../lib/gcc/arm-none-eabi/5.4.1/armv6-m\libcr_eabihelpers.a(float.o)
                0x00004cfa                __aeabi_fcmpge
 .text.__aeabi_llong_lmul
                0x00004d36       0x2e c:/nxp/lpcxpresso_8.2.2_650/lpcxpresso/tools/bin/../lib/gcc/arm-none-eabi/5.4.1/armv6-m\libcr_eabihelpers.a(llong.o)
                0x00004d36                __aeabi_lmul
 .text.__aeabi_memset_lowlevel
                0x00004d64       0x2a c:/nxp/lpcxpresso_8.2.2_650/lpcxpresso/tools/bin/../lib/gcc/arm-none-eabi/5.4.1/armv6-m\libcr_eabihelpers.a(memcpy.o)
                0x00004d64                __aeabi_lowlevel_memset
 *fill*         0x00004d8e        0x2 ff
 .text.__sys_appexit
                0x00004d90        0xc c:/nxp/lpcxpresso_8.2.2_650/lpcxpresso/tools/bin/../lib/gcc/arm-none-eabi/5.4.1/../../../../arm-none-eabi/lib/armv6-m\libcr_semihost.a(__sys_appexit.o)
                0x00004d90                __sys_appexit
                0x00004d90                __exit
 .text.__sys_close
                0x00004d9c        0xc c:/nxp/lpcxpresso_8.2.2_650/lpcxpresso/tools/bin/../lib/gcc/arm-none-eabi/5.4.1/../../../../arm-none-eabi/lib/armv6-m\libcr_semihost.a(__sys_close.o)
                0x00004d9c                __sys_close
 .text.__sys_flen
                0x00004da8        0xc c:/nxp/lpcxpresso_8.2.2_650/lpcxpresso/tools/bin/../lib/gcc/arm-none-eabi/5.4.1/../../../../arm-none-eabi/lib/armv6-m\libcr_semihost.a(__sys_flen.o)
                0x00004da8                __sys_flen
 .text.__sys_istty
                0x00004db4        0xc c:/nxp/lpcxpresso_8.2.2_650/lpcxpresso/tools/bin/../lib/gcc/arm-none-eabi/5.4.1/../../../../arm-none-eabi/lib/armv6-m\libcr_semihost.a(__sys_istty.o)
                0x00004db4                __sys_istty
 .text.__sys_remove
                0x00004dc0        0xc c:/nxp/lpcxpresso_8.2.2_650/lpcxpresso/tools/bin/../lib/gcc/arm-none-eabi/5.4.1/../../../../arm-none-eabi/lib/armv6-m\libcr_semihost.a(__sys_remove.o)
                0x00004dc0                __sys_remove
 .text.__sys_seek
                0x00004dcc        0xc c:/nxp/lpcxpresso_8.2.2_650/lpcxpresso/tools/bin/../lib/gcc/arm-none-eabi/5.4.1/../../../../arm-none-eabi/lib/armv6-m\libcr_semihost.a(__sys_seek.o)
                0x00004dcc                __sys_seek
 .text.__sys_tmpnam
                0x00004dd8        0xc c:/nxp/lpcxpresso_8.2.2_650/lpcxpresso/tools/bin/../lib/gcc/arm-none-eabi/5.4.1/../../../../arm-none-eabi/lib/armv6-m\libcr_semihost.a(__sys_tmpnam.o)
                0x00004dd8                __sys_tmpnam
 .text.__sys_write
                0x00004de4        0xc c:/nxp/lpcxpresso_8.2.2_650/lpcxpresso/tools/bin/../lib/gcc/arm-none-eabi/5.4.1/../../../../arm-none-eabi/lib/armv6-m\libcr_semihost.a(__sys_write.o)
                0x00004de4                __sys_write
                0x00004de4                __write
 *(.rodata .rodata.* .constdata .constdata.*)
 .rodata.CSWTCH.9
                0x00004df0       0x3c C:\Users\Markkula\Documents\LPCXpresso_8.2.2_650\workspace\CMSISv2p00_LPC11Uxx\Debug\libCMSISv2p00_LPC11Uxx.a(system_LPC11Uxx.o)
 .rodata.str1.1
                0x00004e2c        0x4 c:/nxp/lpcxpresso_8.2.2_650/lpcxpresso/tools/bin/../lib/gcc/arm-none-eabi/5.4.1/../../../../arm-none-eabi/lib/armv6-m\libcr_c.a(initio.o)
 .rodata.__huge_val
                0x00004e30        0x8 c:/nxp/lpcxpresso_8.2.2_650/lpcxpresso/tools/bin/../lib/gcc/arm-none-eabi/5.4.1/../../../../arm-none-eabi/lib/armv6-m\libcr_c.a(_hugeval.o)
                0x00004e30                __huge_val
 .rodata.str1.1
                0x00004e38       0x18 c:/nxp/lpcxpresso_8.2.2_650/lpcxpresso/tools/bin/../lib/gcc/arm-none-eabi/5.4.1/../../../../arm-none-eabi/lib/armv6-m\libcr_c.a(alloc.o)
                0x00004e50                . = ALIGN (0x4)

.glue_7         0x00004e50        0x0
 .glue_7        0x00004e50        0x0 linker stubs

.glue_7t        0x00004e50        0x0
 .glue_7t       0x00004e50        0x0 linker stubs

.vfp11_veneer   0x00004e50        0x0
 .vfp11_veneer  0x00004e50        0x0 linker stubs

.v4_bx          0x00004e50        0x0
 .v4_bx         0x00004e50        0x0 linker stubs

.iplt           0x00004e50        0x0
 .iplt          0x00004e50        0x0 ./src/accelerometer.o

.rel.dyn        0x00004e50        0x0
 .rel.iplt      0x00004e50        0x0 ./src/accelerometer.o

.ARM.extab
 *(.ARM.extab* .gnu.linkonce.armextab.*)
                0x00004e50                __exidx_start = .

.ARM.exidx
 *(.ARM.exidx* .gnu.linkonce.armexidx.*)
                0x00004e50                __exidx_end = .
                0x00004e50                _etext = .

.data_RAM2      0x20004000        0x0 load address 0x00004e50
 FILL mask 0xff
                [!provide]                PROVIDE (__start_data_RAM2, .)
 *(.ramfunc.$RAM2)
 *(.ramfunc.$RamUsb2)
 *(.data.$RAM2*)
 *(.data.$RamUsb2*)
                0x20004000                . = ALIGN (0x4)
                [!provide]                PROVIDE (__end_data_RAM2, .)

.uninit_RESERVED
                0x10000000        0x0
 *(.bss.$RESERVED*)
                0x10000000                . = ALIGN (0x4)
                0x10000000                _end_uninit_RESERVED = .

.data           0x10000000        0x8 load address 0x00004e50
 FILL mask 0xff
                0x10000000                _data = .
 *(vtable)
 *(.ramfunc*)
 *(.data*)
 .data.rangeSet
                0x10000000        0x4 ./src/ledSetup.o
                0x10000000                rangeSet
 .data.SystemCoreClock
                0x10000004        0x4 C:\Users\Markkula\Documents\LPCXpresso_8.2.2_650\workspace\CMSISv2p00_LPC11Uxx\Debug\libCMSISv2p00_LPC11Uxx.a(system_LPC11Uxx.o)
                0x10000004                SystemCoreClock
                0x10000008                . = ALIGN (0x4)
                0x10000008                _edata = .

.igot.plt       0x10000008        0x0 load address 0x00004e58
 .igot.plt      0x10000008        0x0 ./src/accelerometer.o

.bss_RAM2       0x20004000        0x0
                [!provide]                PROVIDE (__start_bss_RAM2, .)
 *(.bss.$RAM2*)
 *(.bss.$RamUsb2*)
                0x20004000                . = ALIGN ((. != 0x0)?0x4:0x1)
                [!provide]                PROVIDE (__end_bss_RAM2, .)

.bss            0x10000008      0x228
                0x10000008                _bss = .
 *(.bss*)
 .bss.brakePowerRange
                0x10000008       0x30 ./src/ledSetup.o
                0x10000008                brakePowerRange
 .bss.flag.4902
                0x10000038        0x4 ./src/main.o
 .bss.counter.4906
                0x1000003c        0x4 ./src/main.o
 .bss.counter1.4907
                0x10000040        0x4 ./src/main.o
 .bss.counter2.4908
                0x10000044        0x4 ./src/main.o
 .bss.flex_int0_counter
                0x10000048        0x4 C:\Users\Markkula\Documents\LPCXpresso_8.2.2_650\workspace\LPC11Uxx_Driver_Lib\Debug\libLPC11Uxx_Driver_Lib.a(gpio.o)
                0x10000048                flex_int0_counter
 .bss.flex_int1_counter
                0x1000004c        0x4 C:\Users\Markkula\Documents\LPCXpresso_8.2.2_650\workspace\LPC11Uxx_Driver_Lib\Debug\libLPC11Uxx_Driver_Lib.a(gpio.o)
                0x1000004c                flex_int1_counter
 .bss.flex_int2_counter
                0x10000050        0x4 C:\Users\Markkula\Documents\LPCXpresso_8.2.2_650\workspace\LPC11Uxx_Driver_Lib\Debug\libLPC11Uxx_Driver_Lib.a(gpio.o)
                0x10000050                flex_int2_counter
 .bss.flex_int3_counter
                0x10000054        0x4 C:\Users\Markkula\Documents\LPCXpresso_8.2.2_650\workspace\LPC11Uxx_Driver_Lib\Debug\libLPC11Uxx_Driver_Lib.a(gpio.o)
                0x10000054                flex_int3_counter
 .bss.flex_int4_counter
                0x10000058        0x4 C:\Users\Markkula\Documents\LPCXpresso_8.2.2_650\workspace\LPC11Uxx_Driver_Lib\Debug\libLPC11Uxx_Driver_Lib.a(gpio.o)
                0x10000058                flex_int4_counter
 .bss.flex_int5_counter
                0x1000005c        0x4 C:\Users\Markkula\Documents\LPCXpresso_8.2.2_650\workspace\LPC11Uxx_Driver_Lib\Debug\libLPC11Uxx_Driver_Lib.a(gpio.o)
                0x1000005c                flex_int5_counter
 .bss.flex_int6_counter
                0x10000060        0x4 C:\Users\Markkula\Documents\LPCXpresso_8.2.2_650\workspace\LPC11Uxx_Driver_Lib\Debug\libLPC11Uxx_Driver_Lib.a(gpio.o)
                0x10000060                flex_int6_counter
 .bss.flex_int7_counter
                0x10000064        0x4 C:\Users\Markkula\Documents\LPCXpresso_8.2.2_650\workspace\LPC11Uxx_Driver_Lib\Debug\libLPC11Uxx_Driver_Lib.a(gpio.o)
                0x10000064                flex_int7_counter
 .bss.gint0_counter
                0x10000068        0x4 C:\Users\Markkula\Documents\LPCXpresso_8.2.2_650\workspace\LPC11Uxx_Driver_Lib\Debug\libLPC11Uxx_Driver_Lib.a(gpio.o)
                0x10000068                gint0_counter
 .bss.gint1_counter
                0x1000006c        0x4 C:\Users\Markkula\Documents\LPCXpresso_8.2.2_650\workspace\LPC11Uxx_Driver_Lib\Debug\libLPC11Uxx_Driver_Lib.a(gpio.o)
                0x1000006c                gint1_counter
 .bss.flex_int0_level_counter
                0x10000070        0x4 C:\Users\Markkula\Documents\LPCXpresso_8.2.2_650\workspace\LPC11Uxx_Driver_Lib\Debug\libLPC11Uxx_Driver_Lib.a(gpio.o)
                0x10000070                flex_int0_level_counter
 .bss.flex_int0_rising_edge_counter
                0x10000074        0x4 C:\Users\Markkula\Documents\LPCXpresso_8.2.2_650\workspace\LPC11Uxx_Driver_Lib\Debug\libLPC11Uxx_Driver_Lib.a(gpio.o)
                0x10000074                flex_int0_rising_edge_counter
 .bss.flex_int0_falling_edge_counter
                0x10000078        0x4 C:\Users\Markkula\Documents\LPCXpresso_8.2.2_650\workspace\LPC11Uxx_Driver_Lib\Debug\libLPC11Uxx_Driver_Lib.a(gpio.o)
                0x10000078                flex_int0_falling_edge_counter
 .bss.flex_int1_level_counter
                0x1000007c        0x4 C:\Users\Markkula\Documents\LPCXpresso_8.2.2_650\workspace\LPC11Uxx_Driver_Lib\Debug\libLPC11Uxx_Driver_Lib.a(gpio.o)
                0x1000007c                flex_int1_level_counter
 .bss.flex_int1_rising_edge_counter
                0x10000080        0x4 C:\Users\Markkula\Documents\LPCXpresso_8.2.2_650\workspace\LPC11Uxx_Driver_Lib\Debug\libLPC11Uxx_Driver_Lib.a(gpio.o)
                0x10000080                flex_int1_rising_edge_counter
 .bss.flex_int1_falling_edge_counter
                0x10000084        0x4 C:\Users\Markkula\Documents\LPCXpresso_8.2.2_650\workspace\LPC11Uxx_Driver_Lib\Debug\libLPC11Uxx_Driver_Lib.a(gpio.o)
                0x10000084                flex_int1_falling_edge_counter
 .bss.flex_int2_level_counter
                0x10000088        0x4 C:\Users\Markkula\Documents\LPCXpresso_8.2.2_650\workspace\LPC11Uxx_Driver_Lib\Debug\libLPC11Uxx_Driver_Lib.a(gpio.o)
                0x10000088                flex_int2_level_counter
 .bss.flex_int2_rising_edge_counter
                0x1000008c        0x4 C:\Users\Markkula\Documents\LPCXpresso_8.2.2_650\workspace\LPC11Uxx_Driver_Lib\Debug\libLPC11Uxx_Driver_Lib.a(gpio.o)
                0x1000008c                flex_int2_rising_edge_counter
 .bss.flex_int2_falling_edge_counter
                0x10000090        0x4 C:\Users\Markkula\Documents\LPCXpresso_8.2.2_650\workspace\LPC11Uxx_Driver_Lib\Debug\libLPC11Uxx_Driver_Lib.a(gpio.o)
                0x10000090                flex_int2_falling_edge_counter
 .bss.flex_int3_level_counter
                0x10000094        0x4 C:\Users\Markkula\Documents\LPCXpresso_8.2.2_650\workspace\LPC11Uxx_Driver_Lib\Debug\libLPC11Uxx_Driver_Lib.a(gpio.o)
                0x10000094                flex_int3_level_counter
 .bss.flex_int3_rising_edge_counter
                0x10000098        0x4 C:\Users\Markkula\Documents\LPCXpresso_8.2.2_650\workspace\LPC11Uxx_Driver_Lib\Debug\libLPC11Uxx_Driver_Lib.a(gpio.o)
                0x10000098                flex_int3_rising_edge_counter
 .bss.flex_int3_falling_edge_counter
                0x1000009c        0x4 C:\Users\Markkula\Documents\LPCXpresso_8.2.2_650\workspace\LPC11Uxx_Driver_Lib\Debug\libLPC11Uxx_Driver_Lib.a(gpio.o)
                0x1000009c                flex_int3_falling_edge_counter
 .bss.flex_int4_level_counter
                0x100000a0        0x4 C:\Users\Markkula\Documents\LPCXpresso_8.2.2_650\workspace\LPC11Uxx_Driver_Lib\Debug\libLPC11Uxx_Driver_Lib.a(gpio.o)
                0x100000a0                flex_int4_level_counter
 .bss.flex_int4_rising_edge_counter
                0x100000a4        0x4 C:\Users\Markkula\Documents\LPCXpresso_8.2.2_650\workspace\LPC11Uxx_Driver_Lib\Debug\libLPC11Uxx_Driver_Lib.a(gpio.o)
                0x100000a4                flex_int4_rising_edge_counter
 .bss.flex_int4_falling_edge_counter
                0x100000a8        0x4 C:\Users\Markkula\Documents\LPCXpresso_8.2.2_650\workspace\LPC11Uxx_Driver_Lib\Debug\libLPC11Uxx_Driver_Lib.a(gpio.o)
                0x100000a8                flex_int4_falling_edge_counter
 .bss.flex_int5_level_counter
                0x100000ac        0x4 C:\Users\Markkula\Documents\LPCXpresso_8.2.2_650\workspace\LPC11Uxx_Driver_Lib\Debug\libLPC11Uxx_Driver_Lib.a(gpio.o)
                0x100000ac                flex_int5_level_counter
 .bss.flex_int5_rising_edge_counter
                0x100000b0        0x4 C:\Users\Markkula\Documents\LPCXpresso_8.2.2_650\workspace\LPC11Uxx_Driver_Lib\Debug\libLPC11Uxx_Driver_Lib.a(gpio.o)
                0x100000b0                flex_int5_rising_edge_counter
 .bss.flex_int5_falling_edge_counter
                0x100000b4        0x4 C:\Users\Markkula\Documents\LPCXpresso_8.2.2_650\workspace\LPC11Uxx_Driver_Lib\Debug\libLPC11Uxx_Driver_Lib.a(gpio.o)
                0x100000b4                flex_int5_falling_edge_counter
 .bss.flex_int6_level_counter
                0x100000b8        0x4 C:\Users\Markkula\Documents\LPCXpresso_8.2.2_650\workspace\LPC11Uxx_Driver_Lib\Debug\libLPC11Uxx_Driver_Lib.a(gpio.o)
                0x100000b8                flex_int6_level_counter
 .bss.flex_int6_rising_edge_counter
                0x100000bc        0x4 C:\Users\Markkula\Documents\LPCXpresso_8.2.2_650\workspace\LPC11Uxx_Driver_Lib\Debug\libLPC11Uxx_Driver_Lib.a(gpio.o)
                0x100000bc                flex_int6_rising_edge_counter
 .bss.flex_int6_falling_edge_counter
                0x100000c0        0x4 C:\Users\Markkula\Documents\LPCXpresso_8.2.2_650\workspace\LPC11Uxx_Driver_Lib\Debug\libLPC11Uxx_Driver_Lib.a(gpio.o)
                0x100000c0                flex_int6_falling_edge_counter
 .bss.flex_int7_level_counter
                0x100000c4        0x4 C:\Users\Markkula\Documents\LPCXpresso_8.2.2_650\workspace\LPC11Uxx_Driver_Lib\Debug\libLPC11Uxx_Driver_Lib.a(gpio.o)
                0x100000c4                flex_int7_level_counter
 .bss.flex_int7_rising_edge_counter
                0x100000c8        0x4 C:\Users\Markkula\Documents\LPCXpresso_8.2.2_650\workspace\LPC11Uxx_Driver_Lib\Debug\libLPC11Uxx_Driver_Lib.a(gpio.o)
                0x100000c8                flex_int7_rising_edge_counter
 .bss.flex_int7_falling_edge_counter
                0x100000cc        0x4 C:\Users\Markkula\Documents\LPCXpresso_8.2.2_650\workspace\LPC11Uxx_Driver_Lib\Debug\libLPC11Uxx_Driver_Lib.a(gpio.o)
                0x100000cc                flex_int7_falling_edge_counter
 .bss.gint0_level_counter
                0x100000d0        0x4 C:\Users\Markkula\Documents\LPCXpresso_8.2.2_650\workspace\LPC11Uxx_Driver_Lib\Debug\libLPC11Uxx_Driver_Lib.a(gpio.o)
                0x100000d0                gint0_level_counter
 .bss.gint0_edge_counter
                0x100000d4        0x4 C:\Users\Markkula\Documents\LPCXpresso_8.2.2_650\workspace\LPC11Uxx_Driver_Lib\Debug\libLPC11Uxx_Driver_Lib.a(gpio.o)
                0x100000d4                gint0_edge_counter
 .bss.gint1_level_counter
                0x100000d8        0x4 C:\Users\Markkula\Documents\LPCXpresso_8.2.2_650\workspace\LPC11Uxx_Driver_Lib\Debug\libLPC11Uxx_Driver_Lib.a(gpio.o)
                0x100000d8                gint1_level_counter
 .bss.gint1_edge_counter
                0x100000dc        0x4 C:\Users\Markkula\Documents\LPCXpresso_8.2.2_650\workspace\LPC11Uxx_Driver_Lib\Debug\libLPC11Uxx_Driver_Lib.a(gpio.o)
                0x100000dc                gint1_edge_counter
 .bss._extra    0x100000e0        0x4 c:/nxp/lpcxpresso_8.2.2_650/lpcxpresso/tools/bin/../lib/gcc/arm-none-eabi/5.4.1/../../../../arm-none-eabi/lib/armv6-m\libcr_c.a(initio.o)
                0x100000e0                _extra
 .bss.__Ciob    0x100000e4      0x140 c:/nxp/lpcxpresso_8.2.2_650/lpcxpresso/tools/bin/../lib/gcc/arm-none-eabi/5.4.1/../../../../arm-none-eabi/lib/armv6-m\libcr_c.a(stdio.o)
                0x100000e4                __Ciob
 .bss.errno     0x10000224        0x4 c:/nxp/lpcxpresso_8.2.2_650/lpcxpresso/tools/bin/../lib/gcc/arm-none-eabi/5.4.1/../../../../arm-none-eabi/lib/armv6-m\libcr_c.a(errno.o)
                0x10000224                errno
 .bss.__heaps   0x10000228        0x4 c:/nxp/lpcxpresso_8.2.2_650/lpcxpresso/tools/bin/../lib/gcc/arm-none-eabi/5.4.1/../../../../arm-none-eabi/lib/armv6-m\libcr_c.a(__init_alloc.o)
                0x10000228                __heaps
 .bss.__end_of_heap
                0x1000022c        0x4 c:/nxp/lpcxpresso_8.2.2_650/lpcxpresso/tools/bin/../lib/gcc/arm-none-eabi/5.4.1/../../../../arm-none-eabi/lib/armv6-m\libcr_c.a(__init_alloc.o)
                0x1000022c                __end_of_heap
 *(COMMON)
                0x10000230                . = ALIGN (0x4)
                0x10000230                _ebss = .
                [!provide]                PROVIDE (end, .)

.noinit_RAM2    0x20004000        0x0
 *(.noinit.$RAM2*)
 *(.noinit.$RamUsb2*)
                0x20004000                . = ALIGN (0x4)

.noinit         0x10000230        0x0
                0x10000230                _noinit = .
 *(.noinit*)
                0x10000230                . = ALIGN (0x4)
                0x10000230                _end_noinit = .
                0x10000230                PROVIDE (_pvHeapStart, DEFINED (__user_heap_base)?__user_heap_base:.)
                0x10001000                PROVIDE (_vStackTop, DEFINED (__user_stack_top)?__user_stack_top:(__top_RamLoc4 - 0x0))
                0xefffeab9                PROVIDE (__valid_user_code_checksum, (0x0 - (((_vStackTop + (ResetISR + 0x1)) + (DEFINED (NMI_Handler)?NMI_Handler:M0_NMI_Handler + 0x1)) + (DEFINED (HardFault_Handler)?HardFault_Handler:M0_HardFault_Handler + 0x1))))
OUTPUT(opinnaytetyo.axf elf32-littlearm)

.debug_info     0x00000000     0x2aa8
 .debug_info    0x00000000      0xb4b ./src/accelerometer.o
 .debug_info    0x00000b4b      0x220 ./src/cr_startup_lpc11uxx.o
 .debug_info    0x00000d6b       0x3f ./src/crp.o
 .debug_info    0x00000daa      0x43c ./src/ledSetup.o
 .debug_info    0x000011e6      0x36a ./src/main.o
 .debug_info    0x00001550      0x551 C:\Users\Markkula\Documents\LPCXpresso_8.2.2_650\workspace\CMSISv2p00_LPC11Uxx\Debug\libCMSISv2p00_LPC11Uxx.a(system_LPC11Uxx.o)
 .debug_info    0x00001aa1     0x1007 C:\Users\Markkula\Documents\LPCXpresso_8.2.2_650\workspace\LPC11Uxx_Driver_Lib\Debug\libLPC11Uxx_Driver_Lib.a(gpio.o)

.debug_abbrev   0x00000000      0x824
 .debug_abbrev  0x00000000      0x204 ./src/accelerometer.o
 .debug_abbrev  0x00000204       0xfc ./src/cr_startup_lpc11uxx.o
 .debug_abbrev  0x00000300       0x36 ./src/crp.o
 .debug_abbrev  0x00000336      0x112 ./src/ledSetup.o
 .debug_abbrev  0x00000448       0x89 ./src/main.o
 .debug_abbrev  0x000004d1      0x113 C:\Users\Markkula\Documents\LPCXpresso_8.2.2_650\workspace\CMSISv2p00_LPC11Uxx\Debug\libCMSISv2p00_LPC11Uxx.a(system_LPC11Uxx.o)
 .debug_abbrev  0x000005e4      0x240 C:\Users\Markkula\Documents\LPCXpresso_8.2.2_650\workspace\LPC11Uxx_Driver_Lib\Debug\libLPC11Uxx_Driver_Lib.a(gpio.o)

.debug_aranges  0x00000000      0x248
 .debug_aranges
                0x00000000       0x80 ./src/accelerometer.o
 .debug_aranges
                0x00000080       0x60 ./src/cr_startup_lpc11uxx.o
 .debug_aranges
                0x000000e0       0x18 ./src/crp.o
 .debug_aranges
                0x000000f8       0x40 ./src/ledSetup.o
 .debug_aranges
                0x00000138       0x20 ./src/main.o
 .debug_aranges
                0x00000158       0x28 C:\Users\Markkula\Documents\LPCXpresso_8.2.2_650\workspace\CMSISv2p00_LPC11Uxx\Debug\libCMSISv2p00_LPC11Uxx.a(system_LPC11Uxx.o)
 .debug_aranges
                0x00000180       0xc8 C:\Users\Markkula\Documents\LPCXpresso_8.2.2_650\workspace\LPC11Uxx_Driver_Lib\Debug\libLPC11Uxx_Driver_Lib.a(gpio.o)

.debug_ranges   0x00000000      0x1d0
 .debug_ranges  0x00000000       0x70 ./src/accelerometer.o
 .debug_ranges  0x00000070       0x50 ./src/cr_startup_lpc11uxx.o
 .debug_ranges  0x000000c0       0x30 ./src/ledSetup.o
 .debug_ranges  0x000000f0       0x10 ./src/main.o
 .debug_ranges  0x00000100       0x18 C:\Users\Markkula\Documents\LPCXpresso_8.2.2_650\workspace\CMSISv2p00_LPC11Uxx\Debug\libCMSISv2p00_LPC11Uxx.a(system_LPC11Uxx.o)
 .debug_ranges  0x00000118       0xb8 C:\Users\Markkula\Documents\LPCXpresso_8.2.2_650\workspace\LPC11Uxx_Driver_Lib\Debug\libLPC11Uxx_Driver_Lib.a(gpio.o)

.debug_macro    0x00000000     0x2c63
 .debug_macro   0x00000000       0x88 ./src/accelerometer.o
 .debug_macro   0x00000088      0x850 ./src/accelerometer.o
 .debug_macro   0x000008d8       0x1c ./src/accelerometer.o
 .debug_macro   0x000008f4       0x2e ./src/accelerometer.o
 .debug_macro   0x00000922       0x10 ./src/accelerometer.o
 .debug_macro   0x00000932      0x12d ./src/accelerometer.o
 .debug_macro   0x00000a5f      0x5b2 ./src/accelerometer.o
 .debug_macro   0x00001011      0x237 ./src/accelerometer.o
 .debug_macro   0x00001248      0x10e ./src/accelerometer.o
 .debug_macro   0x00001356       0xd6 ./src/accelerometer.o
 .debug_macro   0x0000142c       0x1c ./src/accelerometer.o
 .debug_macro   0x00001448       0x1d ./src/cr_startup_lpc11uxx.o
 .debug_macro   0x00001465       0x1a ./src/crp.o
 .debug_macro   0x0000147f       0x34 ./src/crp.o
 .debug_macro   0x000014b3       0x91 ./src/ledSetup.o
 .debug_macro   0x00001544       0x52 ./src/ledSetup.o
 .debug_macro   0x00001596      0x130 ./src/ledSetup.o
 .debug_macro   0x000016c6       0xb6 ./src/main.o
 .debug_macro   0x0000177c       0x4c ./src/main.o
 .debug_macro   0x000017c8       0xa0 ./src/main.o
 .debug_macro   0x00001868       0xc4 ./src/main.o
 .debug_macro   0x0000192c      0x117 C:\Users\Markkula\Documents\LPCXpresso_8.2.2_650\workspace\CMSISv2p00_LPC11Uxx\Debug\libCMSISv2p00_LPC11Uxx.a(system_LPC11Uxx.o)
 .debug_macro   0x00001a43      0x838 C:\Users\Markkula\Documents\LPCXpresso_8.2.2_650\workspace\CMSISv2p00_LPC11Uxx\Debug\libCMSISv2p00_LPC11Uxx.a(system_LPC11Uxx.o)
 .debug_macro   0x0000227b       0x7f C:\Users\Markkula\Documents\LPCXpresso_8.2.2_650\workspace\LPC11Uxx_Driver_Lib\Debug\libLPC11Uxx_Driver_Lib.a(gpio.o)
 .debug_macro   0x000022fa      0x838 C:\Users\Markkula\Documents\LPCXpresso_8.2.2_650\workspace\LPC11Uxx_Driver_Lib\Debug\libLPC11Uxx_Driver_Lib.a(gpio.o)
 .debug_macro   0x00002b32       0x1c C:\Users\Markkula\Documents\LPCXpresso_8.2.2_650\workspace\LPC11Uxx_Driver_Lib\Debug\libLPC11Uxx_Driver_Lib.a(gpio.o)
 .debug_macro   0x00002b4e      0x115 C:\Users\Markkula\Documents\LPCXpresso_8.2.2_650\workspace\LPC11Uxx_Driver_Lib\Debug\libLPC11Uxx_Driver_Lib.a(gpio.o)

.debug_line     0x00000000     0x1858
 .debug_line    0x00000000      0x7a6 ./src/accelerometer.o
 .debug_line    0x000007a6       0xbf ./src/cr_startup_lpc11uxx.o
 .debug_line    0x00000865       0x78 ./src/crp.o
 .debug_line    0x000008dd      0x466 ./src/ledSetup.o
 .debug_line    0x00000d43      0x3fc ./src/main.o
 .debug_line    0x0000113f      0x1e8 C:\Users\Markkula\Documents\LPCXpresso_8.2.2_650\workspace\CMSISv2p00_LPC11Uxx\Debug\libCMSISv2p00_LPC11Uxx.a(system_LPC11Uxx.o)
 .debug_line    0x00001327      0x531 C:\Users\Markkula\Documents\LPCXpresso_8.2.2_650\workspace\LPC11Uxx_Driver_Lib\Debug\libLPC11Uxx_Driver_Lib.a(gpio.o)

.debug_str      0x00000000     0x770c
 .debug_str     0x00000000     0x5723 ./src/accelerometer.o
                               0x57b7 (size before relaxing)
 .debug_str     0x00005723      0x18e ./src/cr_startup_lpc11uxx.o
                               0x255d (size before relaxing)
 .debug_str     0x000058b1       0xe9 ./src/crp.o
                               0x24a9 (size before relaxing)
 .debug_str     0x0000599a      0x4e3 ./src/ledSetup.o
                               0x5851 (size before relaxing)
 .debug_str     0x00005e7d      0x9c8 ./src/main.o
                               0x5fca (size before relaxing)
 .debug_str     0x00006845      0x451 C:\Users\Markkula\Documents\LPCXpresso_8.2.2_650\workspace\CMSISv2p00_LPC11Uxx\Debug\libCMSISv2p00_LPC11Uxx.a(system_LPC11Uxx.o)
                               0x547f (size before relaxing)
 .debug_str     0x00006c96      0xa76 C:\Users\Markkula\Documents\LPCXpresso_8.2.2_650\workspace\LPC11Uxx_Driver_Lib\Debug\libLPC11Uxx_Driver_Lib.a(gpio.o)
                               0x5a7a (size before relaxing)

.comment        0x00000000       0xdc
 .comment       0x00000000       0x6e ./src/accelerometer.o
                                 0x6f (size before relaxing)
 .comment       0x0000006e       0x6f ./src/cr_startup_lpc11uxx.o
 .comment       0x0000006e       0x6f ./src/crp.o
 .comment       0x0000006e       0x6f ./src/ledSetup.o
 .comment       0x0000006e       0x6f ./src/main.o
 .comment       0x0000006e       0x6f C:\Users\Markkula\Documents\LPCXpresso_8.2.2_650\workspace\CMSISv2p00_LPC11Uxx\Debug\libCMSISv2p00_LPC11Uxx.a(system_LPC11Uxx.o)
 .comment       0x0000006e       0x6f C:\Users\Markkula\Documents\LPCXpresso_8.2.2_650\workspace\LPC11Uxx_Driver_Lib\Debug\libLPC11Uxx_Driver_Lib.a(gpio.o)
 .comment       0x0000006e       0x6e c:/nxp/lpcxpresso_8.2.2_650/lpcxpresso/tools/bin/../lib/gcc/arm-none-eabi/5.4.1/../../../../arm-none-eabi/lib/armv6-m\libcr_semihost.a(_cr__main.o)
                                 0x6f (size before relaxing)
 .comment       0x000000dc       0x6f c:/nxp/lpcxpresso_8.2.2_650/lpcxpresso/tools/bin/../lib/gcc/arm-none-eabi/5.4.1/../../../../arm-none-eabi/lib/armv6-m\libcr_c.a(fabs.o)
 .comment       0x000000dc       0x6f c:/nxp/lpcxpresso_8.2.2_650/lpcxpresso/tools/bin/../lib/gcc/arm-none-eabi/5.4.1/../../../../arm-none-eabi/lib/armv6-m\libcr_c.a(initio.o)
 .comment       0x000000dc       0x6f c:/nxp/lpcxpresso_8.2.2_650/lpcxpresso/tools/bin/../lib/gcc/arm-none-eabi/5.4.1/../../../../arm-none-eabi/lib/armv6-m\libcr_c.a(setvbuf.o)
 .comment       0x000000dc       0x6f c:/nxp/lpcxpresso_8.2.2_650/lpcxpresso/tools/bin/../lib/gcc/arm-none-eabi/5.4.1/../../../../arm-none-eabi/lib/armv6-m\libcr_c.a(sqrt.o)
 .comment       0x000000dc       0x6f c:/nxp/lpcxpresso_8.2.2_650/lpcxpresso/tools/bin/../lib/gcc/arm-none-eabi/5.4.1/../../../../arm-none-eabi/lib/armv6-m\libcr_c.a(stdio.o)
 .comment       0x000000dc       0x6f c:/nxp/lpcxpresso_8.2.2_650/lpcxpresso/tools/bin/../lib/gcc/arm-none-eabi/5.4.1/../../../../arm-none-eabi/lib/armv6-m\libcr_c.a(memset.o)
 .comment       0x000000dc       0x6f c:/nxp/lpcxpresso_8.2.2_650/lpcxpresso/tools/bin/../lib/gcc/arm-none-eabi/5.4.1/../../../../arm-none-eabi/lib/armv6-m\libcr_c.a(_deferredlazyseek.o)
 .comment       0x000000dc       0x6f c:/nxp/lpcxpresso_8.2.2_650/lpcxpresso/tools/bin/../lib/gcc/arm-none-eabi/5.4.1/../../../../arm-none-eabi/lib/armv6-m\libcr_c.a(_fdopen.o)
 .comment       0x000000dc       0x6f c:/nxp/lpcxpresso_8.2.2_650/lpcxpresso/tools/bin/../lib/gcc/arm-none-eabi/5.4.1/../../../../arm-none-eabi/lib/armv6-m\libcr_c.a(_fflush.o)
 .comment       0x000000dc       0x6f c:/nxp/lpcxpresso_8.2.2_650/lpcxpresso/tools/bin/../lib/gcc/arm-none-eabi/5.4.1/../../../../arm-none-eabi/lib/armv6-m\libcr_c.a(_hugeval.o)
 .comment       0x000000dc       0x6f c:/nxp/lpcxpresso_8.2.2_650/lpcxpresso/tools/bin/../lib/gcc/arm-none-eabi/5.4.1/../../../../arm-none-eabi/lib/armv6-m\libcr_c.a(_writebuf.o)
 .comment       0x000000dc       0x6f c:/nxp/lpcxpresso_8.2.2_650/lpcxpresso/tools/bin/../lib/gcc/arm-none-eabi/5.4.1/../../../../arm-none-eabi/lib/armv6-m\libcr_c.a(alloc.o)
 .comment       0x000000dc       0x6f c:/nxp/lpcxpresso_8.2.2_650/lpcxpresso/tools/bin/../lib/gcc/arm-none-eabi/5.4.1/../../../../arm-none-eabi/lib/armv6-m\libcr_c.a(errno.o)
 .comment       0x000000dc       0x6f c:/nxp/lpcxpresso_8.2.2_650/lpcxpresso/tools/bin/../lib/gcc/arm-none-eabi/5.4.1/../../../../arm-none-eabi/lib/armv6-m\libcr_c.a(fclose.o)
 .comment       0x000000dc       0x6f c:/nxp/lpcxpresso_8.2.2_650/lpcxpresso/tools/bin/../lib/gcc/arm-none-eabi/5.4.1/../../../../arm-none-eabi/lib/armv6-m\libcr_c.a(fflush.o)
 .comment       0x000000dc       0x6f c:/nxp/lpcxpresso_8.2.2_650/lpcxpresso/tools/bin/../lib/gcc/arm-none-eabi/5.4.1/../../../../arm-none-eabi/lib/armv6-m\libcr_c.a(fseek.o)
 .comment       0x000000dc       0x6f c:/nxp/lpcxpresso_8.2.2_650/lpcxpresso/tools/bin/../lib/gcc/arm-none-eabi/5.4.1/../../../../arm-none-eabi/lib/armv6-m\libcr_c.a(ftell.o)
 .comment       0x000000dc       0x6f c:/nxp/lpcxpresso_8.2.2_650/lpcxpresso/tools/bin/../lib/gcc/arm-none-eabi/5.4.1/../../../../arm-none-eabi/lib/armv6-m\libcr_c.a(remove.o)
 .comment       0x000000dc       0x6f c:/nxp/lpcxpresso_8.2.2_650/lpcxpresso/tools/bin/../lib/gcc/arm-none-eabi/5.4.1/../../../../arm-none-eabi/lib/armv6-m\libcr_c.a(strlen.o)
 .comment       0x000000dc       0x6f c:/nxp/lpcxpresso_8.2.2_650/lpcxpresso/tools/bin/../lib/gcc/arm-none-eabi/5.4.1/../../../../arm-none-eabi/lib/armv6-m\libcr_c.a(__init_alloc.o)
 .comment       0x000000dc       0x6f c:/nxp/lpcxpresso_8.2.2_650/lpcxpresso/tools/bin/../lib/gcc/arm-none-eabi/5.4.1/../../../../arm-none-eabi/lib/armv6-m\libcr_c.a(_cr_sbrk.o)
 .comment       0x000000dc       0x6f c:/nxp/lpcxpresso_8.2.2_650/lpcxpresso/tools/bin/../lib/gcc/arm-none-eabi/5.4.1/../../../../arm-none-eabi/lib/armv6-m\libcr_c.a(_do_fflush.o)
 .comment       0x000000dc       0x6f c:/nxp/lpcxpresso_8.2.2_650/lpcxpresso/tools/bin/../lib/gcc/arm-none-eabi/5.4.1/../../../../arm-none-eabi/lib/armv6-m\libcr_c.a(_cr_check_heap.o)
 .comment       0x000000dc       0x6f c:/nxp/lpcxpresso_8.2.2_650/lpcxpresso/tools/bin/../lib/gcc/arm-none-eabi/5.4.1/armv6-m\libcr_eabihelpers.a(double.o)
 .comment       0x000000dc       0x6f c:/nxp/lpcxpresso_8.2.2_650/lpcxpresso/tools/bin/../lib/gcc/arm-none-eabi/5.4.1/armv6-m\libcr_eabihelpers.a(float.o)

.ARM.attributes
                0x00000000       0x2f
 .ARM.attributes
                0x00000000       0x31 ./src/accelerometer.o
 .ARM.attributes
                0x00000031       0x31 ./src/cr_startup_lpc11uxx.o
 .ARM.attributes
                0x00000062       0x31 ./src/crp.o
 .ARM.attributes
                0x00000093       0x31 ./src/ledSetup.o
 .ARM.attributes
                0x000000c4       0x31 ./src/main.o
 .ARM.attributes
                0x000000f5       0x31 C:\Users\Markkula\Documents\LPCXpresso_8.2.2_650\workspace\CMSISv2p00_LPC11Uxx\Debug\libCMSISv2p00_LPC11Uxx.a(system_LPC11Uxx.o)
 .ARM.attributes
                0x00000126       0x31 C:\Users\Markkula\Documents\LPCXpresso_8.2.2_650\workspace\LPC11Uxx_Driver_Lib\Debug\libLPC11Uxx_Driver_Lib.a(gpio.o)
 .ARM.attributes
                0x00000157       0x31 c:/nxp/lpcxpresso_8.2.2_650/lpcxpresso/tools/bin/../lib/gcc/arm-none-eabi/5.4.1/../../../../arm-none-eabi/lib/armv6-m\libcr_semihost.a(_cr__main.o)
 .ARM.attributes
                0x00000188       0x31 c:/nxp/lpcxpresso_8.2.2_650/lpcxpresso/tools/bin/../lib/gcc/arm-none-eabi/5.4.1/../../../../arm-none-eabi/lib/armv6-m\libcr_c.a(fabs.o)
 .ARM.attributes
                0x000001b9       0x31 c:/nxp/lpcxpresso_8.2.2_650/lpcxpresso/tools/bin/../lib/gcc/arm-none-eabi/5.4.1/../../../../arm-none-eabi/lib/armv6-m\libcr_c.a(initio.o)
 .ARM.attributes
                0x000001ea       0x31 c:/nxp/lpcxpresso_8.2.2_650/lpcxpresso/tools/bin/../lib/gcc/arm-none-eabi/5.4.1/../../../../arm-none-eabi/lib/armv6-m\libcr_c.a(setvbuf.o)
 .ARM.attributes
                0x0000021b       0x31 c:/nxp/lpcxpresso_8.2.2_650/lpcxpresso/tools/bin/../lib/gcc/arm-none-eabi/5.4.1/../../../../arm-none-eabi/lib/armv6-m\libcr_c.a(sqrt.o)
 .ARM.attributes
                0x0000024c       0x31 c:/nxp/lpcxpresso_8.2.2_650/lpcxpresso/tools/bin/../lib/gcc/arm-none-eabi/5.4.1/../../../../arm-none-eabi/lib/armv6-m\libcr_c.a(stdio.o)
 .ARM.attributes
                0x0000027d       0x31 c:/nxp/lpcxpresso_8.2.2_650/lpcxpresso/tools/bin/../lib/gcc/arm-none-eabi/5.4.1/../../../../arm-none-eabi/lib/armv6-m\libcr_c.a(memset.o)
 .ARM.attributes
                0x000002ae       0x31 c:/nxp/lpcxpresso_8.2.2_650/lpcxpresso/tools/bin/../lib/gcc/arm-none-eabi/5.4.1/../../../../arm-none-eabi/lib/armv6-m\libcr_c.a(_deferredlazyseek.o)
 .ARM.attributes
                0x000002df       0x31 c:/nxp/lpcxpresso_8.2.2_650/lpcxpresso/tools/bin/../lib/gcc/arm-none-eabi/5.4.1/../../../../arm-none-eabi/lib/armv6-m\libcr_c.a(_fdopen.o)
 .ARM.attributes
                0x00000310       0x31 c:/nxp/lpcxpresso_8.2.2_650/lpcxpresso/tools/bin/../lib/gcc/arm-none-eabi/5.4.1/../../../../arm-none-eabi/lib/armv6-m\libcr_c.a(_fflush.o)
 .ARM.attributes
                0x00000341       0x31 c:/nxp/lpcxpresso_8.2.2_650/lpcxpresso/tools/bin/../lib/gcc/arm-none-eabi/5.4.1/../../../../arm-none-eabi/lib/armv6-m\libcr_c.a(_hugeval.o)
 .ARM.attributes
                0x00000372       0x31 c:/nxp/lpcxpresso_8.2.2_650/lpcxpresso/tools/bin/../lib/gcc/arm-none-eabi/5.4.1/../../../../arm-none-eabi/lib/armv6-m\libcr_c.a(_writebuf.o)
 .ARM.attributes
                0x000003a3       0x31 c:/nxp/lpcxpresso_8.2.2_650/lpcxpresso/tools/bin/../lib/gcc/arm-none-eabi/5.4.1/../../../../arm-none-eabi/lib/armv6-m\libcr_c.a(alloc.o)
 .ARM.attributes
                0x000003d4       0x31 c:/nxp/lpcxpresso_8.2.2_650/lpcxpresso/tools/bin/../lib/gcc/arm-none-eabi/5.4.1/../../../../arm-none-eabi/lib/armv6-m\libcr_c.a(errno.o)
 .ARM.attributes
                0x00000405       0x31 c:/nxp/lpcxpresso_8.2.2_650/lpcxpresso/tools/bin/../lib/gcc/arm-none-eabi/5.4.1/../../../../arm-none-eabi/lib/armv6-m\libcr_c.a(fclose.o)
 .ARM.attributes
                0x00000436       0x31 c:/nxp/lpcxpresso_8.2.2_650/lpcxpresso/tools/bin/../lib/gcc/arm-none-eabi/5.4.1/../../../../arm-none-eabi/lib/armv6-m\libcr_c.a(fflush.o)
 .ARM.attributes
                0x00000467       0x31 c:/nxp/lpcxpresso_8.2.2_650/lpcxpresso/tools/bin/../lib/gcc/arm-none-eabi/5.4.1/../../../../arm-none-eabi/lib/armv6-m\libcr_c.a(fseek.o)
 .ARM.attributes
                0x00000498       0x31 c:/nxp/lpcxpresso_8.2.2_650/lpcxpresso/tools/bin/../lib/gcc/arm-none-eabi/5.4.1/../../../../arm-none-eabi/lib/armv6-m\libcr_c.a(ftell.o)
 .ARM.attributes
                0x000004c9       0x31 c:/nxp/lpcxpresso_8.2.2_650/lpcxpresso/tools/bin/../lib/gcc/arm-none-eabi/5.4.1/../../../../arm-none-eabi/lib/armv6-m\libcr_c.a(remove.o)
 .ARM.attributes
                0x000004fa       0x31 c:/nxp/lpcxpresso_8.2.2_650/lpcxpresso/tools/bin/../lib/gcc/arm-none-eabi/5.4.1/../../../../arm-none-eabi/lib/armv6-m\libcr_c.a(strlen.o)
 .ARM.attributes
                0x0000052b       0x31 c:/nxp/lpcxpresso_8.2.2_650/lpcxpresso/tools/bin/../lib/gcc/arm-none-eabi/5.4.1/../../../../arm-none-eabi/lib/armv6-m\libcr_c.a(__init_alloc.o)
 .ARM.attributes
                0x0000055c       0x31 c:/nxp/lpcxpresso_8.2.2_650/lpcxpresso/tools/bin/../lib/gcc/arm-none-eabi/5.4.1/../../../../arm-none-eabi/lib/armv6-m\libcr_c.a(_cr_sbrk.o)
 .ARM.attributes
                0x0000058d       0x31 c:/nxp/lpcxpresso_8.2.2_650/lpcxpresso/tools/bin/../lib/gcc/arm-none-eabi/5.4.1/../../../../arm-none-eabi/lib/armv6-m\libcr_c.a(_do_fflush.o)
 .ARM.attributes
                0x000005be       0x31 c:/nxp/lpcxpresso_8.2.2_650/lpcxpresso/tools/bin/../lib/gcc/arm-none-eabi/5.4.1/../../../../arm-none-eabi/lib/armv6-m\libcr_c.a(_cr_check_heap.o)
 .ARM.attributes
                0x000005ef       0x21 c:/nxp/lpcxpresso_8.2.2_650/lpcxpresso/tools/bin/../lib/gcc/arm-none-eabi/5.4.1/armv6-m\libcr_eabihelpers.a(division_32.o)
 .ARM.attributes
                0x00000610       0x21 c:/nxp/lpcxpresso_8.2.2_650/lpcxpresso/tools/bin/../lib/gcc/arm-none-eabi/5.4.1/armv6-m\libcr_eabihelpers.a(division_idiv0.o)
 .ARM.attributes
                0x00000631       0x31 c:/nxp/lpcxpresso_8.2.2_650/lpcxpresso/tools/bin/../lib/gcc/arm-none-eabi/5.4.1/armv6-m\libcr_eabihelpers.a(double.o)
 .ARM.attributes
                0x00000662       0x31 c:/nxp/lpcxpresso_8.2.2_650/lpcxpresso/tools/bin/../lib/gcc/arm-none-eabi/5.4.1/armv6-m\libcr_eabihelpers.a(float.o)
 .ARM.attributes
                0x00000693       0x21 c:/nxp/lpcxpresso_8.2.2_650/lpcxpresso/tools/bin/../lib/gcc/arm-none-eabi/5.4.1/armv6-m\libcr_eabihelpers.a(llong.o)
 .ARM.attributes
                0x000006b4       0x21 c:/nxp/lpcxpresso_8.2.2_650/lpcxpresso/tools/bin/../lib/gcc/arm-none-eabi/5.4.1/armv6-m\libcr_eabihelpers.a(memcpy.o)
 .ARM.attributes
                0x000006d5       0x21 c:/nxp/lpcxpresso_8.2.2_650/lpcxpresso/tools/bin/../lib/gcc/arm-none-eabi/5.4.1/../../../../arm-none-eabi/lib/armv6-m\libcr_semihost.a(__sys_appexit.o)
 .ARM.attributes
                0x000006f6       0x21 c:/nxp/lpcxpresso_8.2.2_650/lpcxpresso/tools/bin/../lib/gcc/arm-none-eabi/5.4.1/../../../../arm-none-eabi/lib/armv6-m\libcr_semihost.a(__sys_close.o)
 .ARM.attributes
                0x00000717       0x21 c:/nxp/lpcxpresso_8.2.2_650/lpcxpresso/tools/bin/../lib/gcc/arm-none-eabi/5.4.1/../../../../arm-none-eabi/lib/armv6-m\libcr_semihost.a(__sys_flen.o)
 .ARM.attributes
                0x00000738       0x21 c:/nxp/lpcxpresso_8.2.2_650/lpcxpresso/tools/bin/../lib/gcc/arm-none-eabi/5.4.1/../../../../arm-none-eabi/lib/armv6-m\libcr_semihost.a(__sys_istty.o)
 .ARM.attributes
                0x00000759       0x21 c:/nxp/lpcxpresso_8.2.2_650/lpcxpresso/tools/bin/../lib/gcc/arm-none-eabi/5.4.1/../../../../arm-none-eabi/lib/armv6-m\libcr_semihost.a(__sys_remove.o)
 .ARM.attributes
                0x0000077a       0x21 c:/nxp/lpcxpresso_8.2.2_650/lpcxpresso/tools/bin/../lib/gcc/arm-none-eabi/5.4.1/../../../../arm-none-eabi/lib/armv6-m\libcr_semihost.a(__sys_seek.o)
 .ARM.attributes
                0x0000079b       0x21 c:/nxp/lpcxpresso_8.2.2_650/lpcxpresso/tools/bin/../lib/gcc/arm-none-eabi/5.4.1/../../../../arm-none-eabi/lib/armv6-m\libcr_semihost.a(__sys_tmpnam.o)
 .ARM.attributes
                0x000007bc       0x21 c:/nxp/lpcxpresso_8.2.2_650/lpcxpresso/tools/bin/../lib/gcc/arm-none-eabi/5.4.1/../../../../arm-none-eabi/lib/armv6-m\libcr_semihost.a(__sys_write.o)

.debug_frame    0x00000000      0x68c
 .debug_frame   0x00000000      0x1ac ./src/accelerometer.o
 .debug_frame   0x000001ac      0x118 ./src/cr_startup_lpc11uxx.o
 .debug_frame   0x000002c4       0xa4 ./src/ledSetup.o
 .debug_frame   0x00000368       0x34 ./src/main.o
 .debug_frame   0x0000039c       0x4c C:\Users\Markkula\Documents\LPCXpresso_8.2.2_650\workspace\CMSISv2p00_LPC11Uxx\Debug\libCMSISv2p00_LPC11Uxx.a(system_LPC11Uxx.o)
 .debug_frame   0x000003e8      0x2a4 C:\Users\Markkula\Documents\LPCXpresso_8.2.2_650\workspace\LPC11Uxx_Driver_Lib\Debug\libLPC11Uxx_Driver_Lib.a(gpio.o)

.debug_loc      0x00000000       0x59
 .debug_loc     0x00000000       0x59 C:\Users\Markkula\Documents\LPCXpresso_8.2.2_650\workspace\CMSISv2p00_LPC11Uxx\Debug\libCMSISv2p00_LPC11Uxx.a(system_LPC11Uxx.o)
