15:28:59 **** Build of configuration Debug for project opinnaytetyo ****
make -r all 
Building file: ../src/accelerometer.c
Invoking: MCU C Compiler
arm-none-eabi-gcc -DDEBUG -D__CODE_RED -DCORE_M0 -D__USE_LPCOPEN -D__LPC11UXX__ -D__REDLIB__ -DDEBUG_ENABLE -DDEBUG_SEMIHOSTING -I"C:\Users\Markkula\Documents\LPCXpresso_8.2.2_650\workspace\CMSISv2p00_LPC11Uxx\inc" -I"C:\Users\Markkula\Documents\LPCXpresso_8.2.2_650\workspace\LPC11Uxx_Driver_Lib\inc" -O0 -fno-common -g3 -Wall -c -fmessage-length=0 -fno-builtin -ffunction-sections -fdata-sections -mcpu=cortex-m0 -mthumb -D__REDLIB__ -specs=redlib.specs -MMD -MP -MF"src/accelerometer.d" -MT"src/accelerometer.o" -MT"src/accelerometer.d" -o "src/accelerometer.o" "../src/accelerometer.c"
Finished building: ../src/accelerometer.c
 
Building file: ../src/aeabi_romdiv_patch.s
Invoking: MCU Assembler
arm-none-eabi-gcc -c -x assembler-with-cpp -DDEBUG -D__CODE_RED -DCORE_M0 -D__USE_LPCOPEN -D__LPC11UXX__ -D__REDLIB__ -I"C:\Users\Markkula\Documents\LPCXpresso_8.2.2_650\workspace\CMSISv2p00_LPC11Uxx\inc" -I"C:\Users\Markkula\Documents\LPCXpresso_8.2.2_650\workspace\LPC11Uxx_Driver_Lib\inc" -g3 -mcpu=cortex-m0 -mthumb -D__REDLIB__ -specs=redlib.specs -o "src/aeabi_romdiv_patch.o" "../src/aeabi_romdiv_patch.s"
Finished building: ../src/aeabi_romdiv_patch.s
 
Building file: ../src/cr_startup_lpc11uxx.c
Invoking: MCU C Compiler
arm-none-eabi-gcc -DDEBUG -D__CODE_RED -DCORE_M0 -D__USE_LPCOPEN -D__LPC11UXX__ -D__REDLIB__ -DDEBUG_ENABLE -DDEBUG_SEMIHOSTING -I"C:\Users\Markkula\Documents\LPCXpresso_8.2.2_650\workspace\CMSISv2p00_LPC11Uxx\inc" -I"C:\Users\Markkula\Documents\LPCXpresso_8.2.2_650\workspace\LPC11Uxx_Driver_Lib\inc" -O0 -fno-common -g3 -Wall -c -fmessage-length=0 -fno-builtin -ffunction-sections -fdata-sections -mcpu=cortex-m0 -mthumb -D__REDLIB__ -specs=redlib.specs -MMD -MP -MF"src/cr_startup_lpc11uxx.d" -MT"src/cr_startup_lpc11uxx.o" -MT"src/cr_startup_lpc11uxx.d" -o "src/cr_startup_lpc11uxx.o" "../src/cr_startup_lpc11uxx.c"
Finished building: ../src/cr_startup_lpc11uxx.c
 
Building file: ../src/crp.c
Invoking: MCU C Compiler
arm-none-eabi-gcc -DDEBUG -D__CODE_RED -DCORE_M0 -D__USE_LPCOPEN -D__LPC11UXX__ -D__REDLIB__ -DDEBUG_ENABLE -DDEBUG_SEMIHOSTING -I"C:\Users\Markkula\Documents\LPCXpresso_8.2.2_650\workspace\CMSISv2p00_LPC11Uxx\inc" -I"C:\Users\Markkula\Documents\LPCXpresso_8.2.2_650\workspace\LPC11Uxx_Driver_Lib\inc" -O0 -fno-common -g3 -Wall -c -fmessage-length=0 -fno-builtin -ffunction-sections -fdata-sections -mcpu=cortex-m0 -mthumb -D__REDLIB__ -specs=redlib.specs -MMD -MP -MF"src/crp.d" -MT"src/crp.o" -MT"src/crp.d" -o "src/crp.o" "../src/crp.c"
Finished building: ../src/crp.c
 
Building file: ../src/ledSetup.c
Invoking: MCU C Compiler
arm-none-eabi-gcc -DDEBUG -D__CODE_RED -DCORE_M0 -D__USE_LPCOPEN -D__LPC11UXX__ -D__REDLIB__ -DDEBUG_ENABLE -DDEBUG_SEMIHOSTING -I"C:\Users\Markkula\Documents\LPCXpresso_8.2.2_650\workspace\CMSISv2p00_LPC11Uxx\inc" -I"C:\Users\Markkula\Documents\LPCXpresso_8.2.2_650\workspace\LPC11Uxx_Driver_Lib\inc" -O0 -fno-common -g3 -Wall -c -fmessage-length=0 -fno-builtin -ffunction-sections -fdata-sections -mcpu=cortex-m0 -mthumb -D__REDLIB__ -specs=redlib.specs -MMD -MP -MF"src/ledSetup.d" -MT"src/ledSetup.o" -MT"src/ledSetup.d" -o "src/ledSetup.o" "../src/ledSetup.c"
Finished building: ../src/ledSetup.c
 
Building file: ../src/main.c
Invoking: MCU C Compiler
arm-none-eabi-gcc -DDEBUG -D__CODE_RED -DCORE_M0 -D__USE_LPCOPEN -D__LPC11UXX__ -D__REDLIB__ -DDEBUG_ENABLE -DDEBUG_SEMIHOSTING -I"C:\Users\Markkula\Documents\LPCXpresso_8.2.2_650\workspace\CMSISv2p00_LPC11Uxx\inc" -I"C:\Users\Markkula\Documents\LPCXpresso_8.2.2_650\workspace\LPC11Uxx_Driver_Lib\inc" -O0 -fno-common -g3 -Wall -c -fmessage-length=0 -fno-builtin -ffunction-sections -fdata-sections -mcpu=cortex-m0 -mthumb -D__REDLIB__ -specs=redlib.specs -MMD -MP -MF"src/main.d" -MT"src/main.o" -MT"src/main.d" -o "src/main.o" "../src/main.c"
Finished building: ../src/main.c
 
Building target: opinnaytetyo.axf
Invoking: MCU Linker
arm-none-eabi-gcc -nostdlib -L"C:\Users\Markkula\Documents\LPCXpresso_8.2.2_650\workspace\CMSISv2p00_LPC11Uxx\Debug" -L"C:\Users\Markkula\Documents\LPCXpresso_8.2.2_650\workspace\LPC11Uxx_Driver_Lib\Debug" -Xlinker -Map="opinnaytetyo.map" -Xlinker --gc-sections -Xlinker -print-memory-usage -mcpu=cortex-m0 -mthumb -T "opinnaytetyo_Debug.ld" -o "opinnaytetyo.axf"  ./src/accelerometer.o ./src/aeabi_romdiv_patch.o ./src/cr_startup_lpc11uxx.o ./src/crp.o ./src/ledSetup.o ./src/main.o   -lCMSISv2p00_LPC11Uxx -lLPC11Uxx_Driver_Lib
Memory region         Used Size  Region Size  %age Used
        MFlash32:       20056 B        32 KB     61.21%
         RamLoc4:         560 B         4 KB     13.67%
         RamUsb2:          0 GB         2 KB      0.00%
Finished building target: opinnaytetyo.axf
 
make --no-print-directory post-build
Performing post-build steps
arm-none-eabi-size "opinnaytetyo.axf"; # arm-none-eabi-objcopy -v -O binary "opinnaytetyo.axf" "opinnaytetyo.bin" ; # checksum -p LPC11U14_201 -d "opinnaytetyo.bin";
   text	   data	    bss	    dec	    hex	filename
  20048	      8	    552	  20608	   5080	opinnaytetyo.axf
 

15:29:06 Build Finished (took 6s.329ms)

